2026-03-20 11:16:46 [main] INFO  Base.BaseClass - --- Starting Test Execution: loginAndDashboardCheck ---
2026-03-20 11:16:46 [main] INFO  Base.BaseClass - --- Starting Test Execution: loginAndDashboardCheck ---
2026-03-20 11:16:46 [main] ERROR Base.BaseClass - FAILED: Test Case loginAndDashboardCheck encountered an error.
2026-03-20 11:16:46 [main] ERROR Base.BaseClass - Exception while taking screenshot: driver
2026-03-20 11:16:47 [main] INFO  Base.BaseClass - --- All Test Cases Finished. Report Flushed. ---
2026-03-20 11:18:35 [main] INFO  Base.BaseClass - **************** Starting Test Setup ****************
2026-03-20 11:18:39 [main] INFO  Base.BaseClass - Chrome Browser launched successfully.
2026-03-20 11:18:39 [main] INFO  Base.BaseClass - Navigated to URL: http://localhost:3000
2026-03-20 11:18:41 [main] INFO  Base.BaseClass - Welcome banner closed successfully.
2026-03-20 11:18:42 [main] INFO  Base.BaseClass - Browser session closed.
2026-03-20 11:18:42 [main] INFO  Base.BaseClass - **************** Test Execution Finished ****************
2026-03-20 11:19:25 [main] INFO  Base.BaseClass - **************** Starting Test Setup ****************
2026-03-20 11:19:27 [main] INFO  Base.BaseClass - Chrome Browser launched successfully.
2026-03-20 11:19:28 [main] INFO  Base.BaseClass - Navigated to URL: http://localhost:3000
2026-03-20 11:19:28 [main] INFO  Base.BaseClass - Welcome banner closed successfully.
2026-03-20 11:20:02 [main] INFO  Base.BaseClass - Browser session closed.
2026-03-20 11:20:02 [main] INFO  Base.BaseClass - **************** Test Execution Finished ****************
2026-03-20 11:23:11 [main] INFO  Base.BaseClass - **************** Starting Test Setup ****************
2026-03-20 11:23:13 [main] INFO  Base.BaseClass - Chrome Browser launched successfully.
2026-03-20 11:23:13 [main] INFO  Base.BaseClass - Navigated to URL: http://localhost:3000
2026-03-20 11:23:14 [main] INFO  Base.BaseClass - Welcome banner closed successfully.
2026-03-20 11:23:48 [main] INFO  Base.BaseClass - Browser session closed.
2026-03-20 11:23:48 [main] INFO  Base.BaseClass - **************** Test Execution Finished ****************
2026-03-20 11:46:33 [main] INFO  Base.BaseClass - **************** Starting Test Setup ****************
2026-03-20 11:46:36 [main] INFO  Base.BaseClass - Chrome Browser launched successfully.
2026-03-20 11:46:37 [main] INFO  Base.BaseClass - Navigated to URL: http://localhost:3000
2026-03-20 11:46:40 [main] INFO  Base.BaseClass - Welcome banner closed successfully.
2026-03-20 11:46:42 [main] INFO  Base.BaseClass - Browser session closed.
2026-03-20 11:46:42 [main] INFO  Base.BaseClass - **************** Test Execution Finished ****************
2026-03-20 11:46:42 [main] INFO  Base.BaseClass - **************** Starting Test Setup ****************
2026-03-20 11:46:43 [main] INFO  Base.BaseClass - Chrome Browser launched successfully.
2026-03-20 11:46:44 [main] INFO  Base.BaseClass - Navigated to URL: http://localhost:3000
2026-03-20 11:46:45 [main] INFO  Base.BaseClass - Welcome banner closed successfully.
2026-03-20 11:46:47 [main] INFO  Base.BaseClass - PASS: System correctly blocked invalid login for praunnoudelautto-8956@yopmail.com
2026-03-20 11:46:47 [main] INFO  Base.BaseClass - Browser session closed.
2026-03-20 11:46:47 [main] INFO  Base.BaseClass - **************** Test Execution Finished ****************
2026-03-20 11:46:47 [main] INFO  Base.BaseClass - **************** Starting Test Setup ****************
2026-03-20 11:46:48 [main] INFO  Base.BaseClass - Chrome Browser launched successfully.
2026-03-20 11:46:50 [main] INFO  Base.BaseClass - Navigated to URL: http://localhost:3000
2026-03-20 11:46:50 [main] INFO  Base.BaseClass - Welcome banner closed successfully.
2026-03-20 11:46:52 [main] INFO  Base.BaseClass - PASS: System correctly blocked invalid login for wrong@gmail.com
2026-03-20 11:46:52 [main] INFO  Base.BaseClass - Browser session closed.
2026-03-20 11:46:52 [main] INFO  Base.BaseClass - **************** Test Execution Finished ****************
2026-03-20 11:46:52 [main] INFO  Base.BaseClass - **************** Starting Test Setup ****************
2026-03-20 11:46:53 [main] INFO  Base.BaseClass - Chrome Browser launched successfully.
2026-03-20 11:46:53 [main] INFO  Base.BaseClass - Navigated to URL: http://localhost:3000
2026-03-20 11:46:54 [main] INFO  Base.BaseClass - Welcome banner closed successfully.
2026-03-20 11:46:56 [main] INFO  Base.BaseClass - Browser session closed.
2026-03-20 11:46:56 [main] INFO  Base.BaseClass - **************** Test Execution Finished ****************
2026-03-20 11:46:56 [main] INFO  Base.BaseClass - **************** Starting Test Setup ****************
2026-03-20 11:46:58 [main] INFO  Base.BaseClass - Chrome Browser launched successfully.
2026-03-20 11:46:59 [main] INFO  Base.BaseClass - Navigated to URL: http://localhost:3000
2026-03-20 11:46:59 [main] INFO  Base.BaseClass - Welcome banner closed successfully.
2026-03-20 11:47:01 [main] INFO  Base.BaseClass - Browser session closed.
2026-03-20 11:47:01 [main] INFO  Base.BaseClass - **************** Test Execution Finished ****************
2026-03-20 11:47:01 [main] INFO  Base.BaseClass - **************** Starting Test Setup ****************
2026-03-20 11:47:02 [main] INFO  Base.BaseClass - Chrome Browser launched successfully.
2026-03-20 11:47:02 [main] INFO  Base.BaseClass - Navigated to URL: http://localhost:3000
2026-03-20 11:47:04 [main] INFO  Base.BaseClass - Welcome banner closed successfully.
2026-03-20 11:47:05 [main] INFO  Base.BaseClass - PASS: System correctly blocked invalid login for  OR 1=1--
2026-03-20 11:47:05 [main] INFO  Base.BaseClass - Browser session closed.
2026-03-20 11:47:05 [main] INFO  Base.BaseClass - **************** Test Execution Finished ****************
2026-03-20 11:47:05 [main] INFO  Base.BaseClass - **************** Starting Test Setup ****************
2026-03-20 11:47:07 [main] INFO  Base.BaseClass - Chrome Browser launched successfully.
2026-03-20 11:47:08 [main] INFO  Base.BaseClass - Navigated to URL: http://localhost:3000
2026-03-20 11:47:09 [main] INFO  Base.BaseClass - Welcome banner closed successfully.
2026-03-20 11:47:10 [main] INFO  Base.BaseClass - PASS: System correctly blocked invalid login for <script>alert(1)</script>
2026-03-20 11:47:10 [main] INFO  Base.BaseClass - Browser session closed.
2026-03-20 11:47:10 [main] INFO  Base.BaseClass - **************** Test Execution Finished ****************
2026-03-20 11:55:54 [main] INFO  Base.BaseClass - **************** Starting Test Setup ****************
2026-03-20 11:55:56 [main] INFO  Base.BaseClass - Chrome Browser launched successfully.
2026-03-20 11:55:58 [main] INFO  Base.BaseClass - Navigated to URL: http://localhost:3000
2026-03-20 11:55:59 [main] INFO  Base.BaseClass - Welcome banner closed successfully.
2026-03-20 11:56:00 [main] INFO  Base.BaseClass - PASS: Login successful as expected.
2026-03-20 11:56:00 [main] INFO  Base.BaseClass - Browser session closed.
2026-03-20 11:56:00 [main] INFO  Base.BaseClass - **************** Test Execution Finished ****************
2026-03-20 11:56:00 [main] INFO  Base.BaseClass - **************** Starting Test Setup ****************
2026-03-20 11:56:02 [main] INFO  Base.BaseClass - Chrome Browser launched successfully.
2026-03-20 11:56:02 [main] INFO  Base.BaseClass - Navigated to URL: http://localhost:3000
2026-03-20 11:56:03 [main] INFO  Base.BaseClass - Welcome banner closed successfully.
2026-03-20 11:56:05 [main] INFO  Base.BaseClass - PASS: System correctly blocked invalid login for praunnoudelautto-8956@yopmail.com
2026-03-20 11:56:05 [main] INFO  Base.BaseClass - Browser session closed.
2026-03-20 11:56:05 [main] INFO  Base.BaseClass - **************** Test Execution Finished ****************
2026-03-20 11:56:05 [main] INFO  Base.BaseClass - **************** Starting Test Setup ****************
2026-03-20 11:56:06 [main] INFO  Base.BaseClass - Chrome Browser launched successfully.
2026-03-20 11:56:08 [main] INFO  Base.BaseClass - Navigated to URL: http://localhost:3000
2026-03-20 11:56:08 [main] INFO  Base.BaseClass - Welcome banner closed successfully.
2026-03-20 11:56:09 [main] INFO  Base.BaseClass - PASS: System correctly blocked invalid login for wrong@gmail.com
2026-03-20 11:56:10 [main] INFO  Base.BaseClass - Browser session closed.
2026-03-20 11:56:10 [main] INFO  Base.BaseClass - **************** Test Execution Finished ****************
2026-03-20 11:56:10 [main] INFO  Base.BaseClass - **************** Starting Test Setup ****************
2026-03-20 11:56:10 [main] INFO  Base.BaseClass - Chrome Browser launched successfully.
2026-03-20 11:56:11 [main] INFO  Base.BaseClass - Navigated to URL: http://localhost:3000
2026-03-20 11:56:12 [main] INFO  Base.BaseClass - Welcome banner closed successfully.
2026-03-20 11:56:13 [main] INFO  Base.BaseClass - PASS: System correctly blocked invalid login for   
2026-03-20 11:56:14 [main] INFO  Base.BaseClass - Browser session closed.
2026-03-20 11:56:14 [main] INFO  Base.BaseClass - **************** Test Execution Finished ****************
2026-03-20 11:56:14 [main] INFO  Base.BaseClass - **************** Starting Test Setup ****************
2026-03-20 11:56:15 [main] INFO  Base.BaseClass - Chrome Browser launched successfully.
2026-03-20 11:56:15 [main] INFO  Base.BaseClass - Navigated to URL: http://localhost:3000
2026-03-20 11:56:16 [main] INFO  Base.BaseClass - Welcome banner closed successfully.
2026-03-20 11:56:17 [main] INFO  Base.BaseClass - PASS: System correctly blocked invalid login for testuser1234@gmail.com
2026-03-20 11:56:18 [main] INFO  Base.BaseClass - Browser session closed.
2026-03-20 11:56:18 [main] INFO  Base.BaseClass - **************** Test Execution Finished ****************
2026-03-20 11:56:18 [main] INFO  Base.BaseClass - **************** Starting Test Setup ****************
2026-03-20 11:56:19 [main] INFO  Base.BaseClass - Chrome Browser launched successfully.
2026-03-20 11:56:20 [main] INFO  Base.BaseClass - Navigated to URL: http://localhost:3000
2026-03-20 11:56:20 [main] INFO  Base.BaseClass - Welcome banner closed successfully.
2026-03-20 11:56:22 [main] INFO  Base.BaseClass - PASS: System correctly blocked invalid login for  OR 1=1--
2026-03-20 11:56:22 [main] INFO  Base.BaseClass - Browser session closed.
2026-03-20 11:56:22 [main] INFO  Base.BaseClass - **************** Test Execution Finished ****************
2026-03-20 11:56:22 [main] INFO  Base.BaseClass - **************** Starting Test Setup ****************
2026-03-20 11:56:23 [main] INFO  Base.BaseClass - Chrome Browser launched successfully.
2026-03-20 11:56:23 [main] INFO  Base.BaseClass - Navigated to URL: http://localhost:3000
2026-03-20 11:56:25 [main] INFO  Base.BaseClass - Welcome banner closed successfully.
2026-03-20 11:56:27 [main] INFO  Base.BaseClass - PASS: System correctly blocked invalid login for <script>alert(1)</script>
2026-03-20 11:56:27 [main] INFO  Base.BaseClass - Browser session closed.
2026-03-20 11:56:27 [main] INFO  Base.BaseClass - **************** Test Execution Finished ****************
2026-03-20 11:59:42 [main] INFO  Base.BaseClass - **************** Starting Test Setup ****************
2026-03-20 11:59:45 [main] INFO  Base.BaseClass - Chrome Browser launched successfully.
2026-03-20 11:59:46 [main] INFO  Base.BaseClass - Navigated to URL: http://localhost:3000
2026-03-20 11:59:48 [main] INFO  Base.BaseClass - Welcome banner closed successfully.
2026-03-20 11:59:49 [main] INFO  Base.BaseClass - PASS: Login successful as expected.
2026-03-20 11:59:50 [main] INFO  Base.BaseClass - Browser session closed.
2026-03-20 11:59:50 [main] INFO  Base.BaseClass - **************** Test Execution Finished ****************
2026-03-20 11:59:50 [main] INFO  Base.BaseClass - **************** Starting Test Setup ****************
2026-03-20 11:59:50 [main] INFO  Base.BaseClass - Chrome Browser launched successfully.
2026-03-20 11:59:51 [main] INFO  Base.BaseClass - Navigated to URL: http://localhost:3000
2026-03-20 11:59:52 [main] INFO  Base.BaseClass - Welcome banner closed successfully.
2026-03-20 11:59:55 [main] INFO  Base.BaseClass - PASS: System correctly blocked invalid login for praunnoudelautto-8956@yopmail.com
2026-03-20 11:59:55 [main] INFO  Base.BaseClass - Browser session closed.
2026-03-20 11:59:55 [main] INFO  Base.BaseClass - **************** Test Execution Finished ****************
2026-03-20 11:59:55 [main] INFO  Base.BaseClass - **************** Starting Test Setup ****************
2026-03-20 11:59:56 [main] INFO  Base.BaseClass - Chrome Browser launched successfully.
2026-03-20 11:59:56 [main] INFO  Base.BaseClass - Navigated to URL: http://localhost:3000
2026-03-20 11:59:58 [main] INFO  Base.BaseClass - Welcome banner closed successfully.
2026-03-20 11:59:59 [main] INFO  Base.BaseClass - PASS: System correctly blocked invalid login for wrong@gmail.com
2026-03-20 11:59:59 [main] INFO  Base.BaseClass - Browser session closed.
2026-03-20 11:59:59 [main] INFO  Base.BaseClass - **************** Test Execution Finished ****************
2026-03-20 11:59:59 [main] INFO  Base.BaseClass - **************** Starting Test Setup ****************
2026-03-20 12:00:00 [main] INFO  Base.BaseClass - Chrome Browser launched successfully.
2026-03-20 12:00:01 [main] INFO  Base.BaseClass - Navigated to URL: http://localhost:3000
2026-03-20 12:00:01 [main] INFO  Base.BaseClass - Welcome banner closed successfully.
2026-03-20 12:00:02 [main] INFO  Base.BaseClass - PASS: System correctly blocked invalid login for   
2026-03-20 12:00:02 [main] INFO  Base.BaseClass - Browser session closed.
2026-03-20 12:00:02 [main] INFO  Base.BaseClass - **************** Test Execution Finished ****************
2026-03-20 12:00:02 [main] INFO  Base.BaseClass - **************** Starting Test Setup ****************
2026-03-20 12:00:03 [main] INFO  Base.BaseClass - Chrome Browser launched successfully.
2026-03-20 12:00:04 [main] INFO  Base.BaseClass - Navigated to URL: http://localhost:3000
2026-03-20 12:00:04 [main] INFO  Base.BaseClass - Welcome banner closed successfully.
2026-03-20 12:00:05 [main] INFO  Base.BaseClass - PASS: System correctly blocked invalid login for testuser1234@gmail.com
2026-03-20 12:00:06 [main] INFO  Base.BaseClass - Browser session closed.
2026-03-20 12:00:06 [main] INFO  Base.BaseClass - **************** Test Execution Finished ****************
2026-03-20 12:00:06 [main] INFO  Base.BaseClass - **************** Starting Test Setup ****************
2026-03-20 12:00:06 [main] INFO  Base.BaseClass - Chrome Browser launched successfully.
2026-03-20 12:00:07 [main] INFO  Base.BaseClass - Navigated to URL: http://localhost:3000
2026-03-20 12:00:07 [main] INFO  Base.BaseClass - Welcome banner closed successfully.
2026-03-20 12:00:09 [main] INFO  Base.BaseClass - PASS: System correctly blocked invalid login for  OR 1=1--
2026-03-20 12:00:09 [main] INFO  Base.BaseClass - Browser session closed.
2026-03-20 12:00:09 [main] INFO  Base.BaseClass - **************** Test Execution Finished ****************
2026-03-20 12:00:09 [main] INFO  Base.BaseClass - **************** Starting Test Setup ****************
2026-03-20 12:00:10 [main] INFO  Base.BaseClass - Chrome Browser launched successfully.
2026-03-20 12:00:10 [main] INFO  Base.BaseClass - Navigated to URL: http://localhost:3000
2026-03-20 12:00:11 [main] INFO  Base.BaseClass - Welcome banner closed successfully.
2026-03-20 12:00:12 [main] INFO  Base.BaseClass - PASS: System correctly blocked invalid login for <script>alert(1)</script>
2026-03-20 12:00:13 [main] INFO  Base.BaseClass - Browser session closed.
2026-03-20 12:00:13 [main] INFO  Base.BaseClass - **************** Test Execution Finished ****************
2026-03-20 12:21:42 [main] INFO  Base.BaseClass - **************** Starting Test Setup ****************
2026-03-20 12:21:46 [main] INFO  Base.BaseClass - Driver initialized: true
2026-03-20 12:21:47 [main] INFO  Base.BaseClass - Navigated to URL: http://localhost:3000
2026-03-20 12:21:47 [main] INFO  Base.BaseClass - Welcome banner closed successfully.
2026-03-20 12:21:49 [main] INFO  Base.BaseClass - Browser session closed.
2026-03-20 12:21:49 [main] INFO  Base.BaseClass - **************** Test Execution Finished ****************
